Microchip MPLAB XC8 Compiler V2.32

Linker command line:

-W-3 --edf=C:\Program Files\Microchip\xc8\v2.32\pic\dat\en_msgs.txt -cn \
  -h+dist/default/production\Projeto.production.sym \
  --cmf=dist/default/production\Projeto.production.cmf -z -Q18F4520 \
  -oC:\Users\diels\AppData\Local\Temp\xcAs9j0.4 --defsym=__MPLAB_BUILD=1 \
  -Mdist/default/production/Projeto.production.map -E1 -ver=XC8 Compiler \
  --acfsm=1493 -ASTACK=080h-05FFh -pstack=STACK -ACODE=00h-07FFFh \
  -ACONST=00h-07FFFh -ASMALLCONST=0600h-06FFhx122 \
  -AMEDIUMCONST=0600h-07FFFh -ACOMRAM=01h-07Fh -AABS1=00h-05FFh \
  -ABIGRAM=01h-05FFh -ARAM=080h-0FFh,0100h-01FFhx5 -ABANK0=080h-0FFh \
  -ABANK1=0100h-01FFh -ABANK2=0200h-02FFh -ABANK3=0300h-03FFh \
  -ABANK4=0400h-04FFh -ABANK5=0500h-05FFh -ASFR=0F80h-0FFFh \
  -ACONFIG=0300000h-030000Dh -AIDLOC=0200000h-0200007h \
  -AEEDATA=0F00000h-0F000FFh -peeprom_data=EEDATA \
  -preset_vec=00h,intcode,intcodelo,powerup,init -pramtop=0600h \
  -psmallconst=SMALLCONST -pmediumconst=MEDIUMCONST -pconst=CONST \
  -AFARRAM=00h-00h \
  -prdata=COMRAM,nvrram=COMRAM,nvbit=COMRAM,rbss=COMRAM,rbit=COMRAM \
  -pfarbss=FARRAM,fardata=FARRAM,nvFARRAM=FARRAM \
  -pintsave_regs=BIGRAM,bigbss=BIGRAM,bigdata=BIGRAM -pbss=RAM \
  -pidata=CODE,irdata=CODE,ibigdata=CODE,ifardata=CODE -prparam=COMRAM \
  C:\Users\diels\AppData\Local\Temp\xcAs9j0.o \
  dist/default/production\Projeto.production.o 

Object code version is 3.11

Machine type is 18F4520



                Name                               Link     Load   Length Selector   Space Scale
C:\Users\diels\AppData\Local\Temp\xcAs9j0.o
                idloc                            200000   200000        8        0       5
                config                           300000   300000        E        0       4
                init                                  0        0        4        0       0
dist/default/production\Projeto.production.o
                idloc                            200000   200000        8        0       5
                config                           300000   300000        E        0       4
                smallconst                          600      600       16      300       0
                text28                             1924     1924       C4      30B       0
                text27                             1A9C     1A9C       B0      30B       0
                text26                              E34      E34      39A      30B       0
                text25                              616      616      42A      30B       0
                text24                             181E     181E      106      30B       0
                text23                             166A     166A      1B4      30B       0
                text22                             141C     141C      24E      30B       0
                text21                             1D8C     1D8C       48      30B       0
                text20                             1CEE     1CEE       50      30B       0
                text19                             1E92     1E92       30      30B       0
                text18                             1FAE     1FAE        2      30B       0
                text17                             11CE     11CE      24E      30B       0
                text16                             1DD4     1DD4       42      30B       0
                text15                             1EEC     1EEC       2A      30B       0
                text14                             1EC2     1EC2       2A      30B       0
                text13                             1D3E     1D3E       4E      30B       0
                text12                             1C3E     1C3E       5A      30B       0
                text11                             1F5A     1F5A       1E      30B       0
                text10                             1F16     1F16       26      30B       0
                text9                              1E54     1E54       3E      30B       0
                text8                              19E8     19E8       B4      30B       0
                text7                              1F3C     1F3C       1E      30B       0
                text6                              1C98     1C98       56      30B       0
                text5                              1E16     1E16       3E      30B       0
                text4                              1F8E     1F8E       14      30B       0
                text3                              1BDA     1BDA       64      30B       0
                text2                              1B4C     1B4C       8E      30B       0
                text1                              1F78     1F78       16      30B       0
                text0                               A40      A40      3F4      30B       0
                cstackCOMRAM                          1        1       58        1       1
                bssCOMRAM                            59       59        1        1       1
                cinit                              1FA2     1FA2        C      30B       0

TOTAL           Name                               Link     Load   Length     Space
        CLASS   STACK          

        CLASS   CODE           
                init                                  0        0        4         0
                text28                             1924     1924       C4         0
                text27                             1A9C     1A9C       B0         0
                text26                              E34      E34      39A         0
                text25                              616      616      42A         0
                text24                             181E     181E      106         0
                text23                             166A     166A      1B4         0
                text22                             141C     141C      24E         0
                text21                             1D8C     1D8C       48         0
                text20                             1CEE     1CEE       50         0
                text19                             1E92     1E92       30         0
                text18                             1FAE     1FAE        2         0
                text17                             11CE     11CE      24E         0
                text16                             1DD4     1DD4       42         0
                text15                             1EEC     1EEC       2A         0
                text14                             1EC2     1EC2       2A         0
                text13                             1D3E     1D3E       4E         0
                text12                             1C3E     1C3E       5A         0
                text11                             1F5A     1F5A       1E         0
                text10                             1F16     1F16       26         0
                text9                              1E54     1E54       3E         0
                text8                              19E8     19E8       B4         0
                text7                              1F3C     1F3C       1E         0
                text6                              1C98     1C98       56         0
                text5                              1E16     1E16       3E         0
                text4                              1F8E     1F8E       14         0
                text3                              1BDA     1BDA       64         0
                text2                              1B4C     1B4C       8E         0
                text1                              1F78     1F78       16         0
                text0                               A40      A40      3F4         0
                cinit                              1FA2     1FA2        C         0

        CLASS   CONST          

        CLASS   SMALLCONST     
                smallconst                          600      600       16         0

        CLASS   MEDIUMCONST    

        CLASS   COMRAM         
                cstackCOMRAM                          1        1       58         1
                bssCOMRAM                            59       59        1         1

        CLASS   ABS1           

        CLASS   BIGRAM         

        CLASS   RAM            

        CLASS   BANK0          

        CLASS   BANK1          

        CLASS   BANK2          

        CLASS   BANK3          

        CLASS   BANK4          

        CLASS   BANK5          

        CLASS   SFR            

        CLASS   CONFIG         
                config                           300000   300000        E         4

        CLASS   IDLOC          
                idloc                            200000   200000        8         5

        CLASS   EEDATA         

        CLASS   FARRAM         



SEGMENTS        Name                           Load    Length   Top    Selector   Space  Class

                reset_vec                      000000  000004  000004         0       0  CODE    
                cstackCOMRAM                   000001  000059  00005A         1       1  COMRAM  
                smallconst                     000600  000016  000616       300       0  SMALLCON
                text25                         000616  00199A  001FB0       30B       0  CODE    


UNUSED ADDRESS RANGES

        Name                Unused          Largest block    Delta
        BANK0            000080-0000FF               80
        BANK1            000100-0001FF              100
        BANK2            000200-0002FF              100
        BANK3            000300-0003FF              100
        BANK4            000400-0004FF              100
        BANK5            000500-0005FF              100
        BIGRAM           00005A-0005FF              5A6
        CODE             000004-0005FF              5FC
                         001FB0-007FFF             6050
        COMRAM           00005A-00007F               26
        CONST            000004-0005FF              5FC
                         001FB0-007FFF             6050
        EEDATA           F00000-F000FF              100
        MEDIUMCONST      001FB0-007FFF             6050
        RAM              000080-0005FF              100
        SFR              000F80-000FFF               80
        SMALLCONST       001FB0-007FFF              100
        STACK            000080-0005FF              580

                                  Symbol Table

?___awdiv                cstackCOMRAM 000001
?___awmod                cstackCOMRAM 000009
?___fldiv                cstackCOMRAM 000013
?___flmul                cstackCOMRAM 00002C
?___fltol                cstackCOMRAM 000045
?___xxtofl               cstackCOMRAM 000005
?_adcRead                cstackCOMRAM 000001
_ADCON0                  (abs)        000FC2
_ADCON1                  (abs)        000FC1
_ADCON2                  (abs)        000FC0
_ADRESH                  (abs)        000FC4
_ADRESL                  (abs)        000FC3
_CCP2CON                 (abs)        000FBA
_CCPR2L                  (abs)        000FBB
_PIR1bits                (abs)        000F9E
_PORTA                   (abs)        000F80
_PORTB                   (abs)        000F81
_PORTC                   (abs)        000F82
_PORTD                   (abs)        000F83
_PORTE                   (abs)        000F84
_PR2                     (abs)        000FCB
_PulseClockData          text15       001EEC
_PulseEnClock            text14       001EC2
_RCREG                   (abs)        000FAE
_RCSTAbits               (abs)        000FAB
_SPBRG                   (abs)        000FAF
_T2CON                   (abs)        000FCA
_TRISA                   (abs)        000F92
_TRISB                   (abs)        000F93
_TRISC                   (abs)        000F94
_TRISCbits               (abs)        000F94
_TRISD                   (abs)        000F95
_TRISE                   (abs)        000F96
_TXREG                   (abs)        000FAD
_TXSTAbits               (abs)        000FAC
__HRAM                   (abs)        000000
__Habs1                  abs1         000000
__Hbank0                 bank0        000000
__Hbank1                 bank1        000000
__Hbank2                 bank2        000000
__Hbank3                 bank3        000000
__Hbank4                 bank4        000000
__Hbank5                 bank5        000000
__Hbigbss                bigbss       000000
__Hbigdata               bigdata      000000
__Hbigram                bigram       000000
__Hbss                   bss          000000
__HbssCOMRAM             bssCOMRAM    000000
__Hcinit                 cinit        000000
__Hclrtext               clrtext      000000
__Hcomram                comram       000000
__Hconfig                config       30000E
__Hconst                 const        000000
__HcstackCOMRAM          cstackCOMRAM 000000
__Hdata                  data         000000
__Heeprom_data           eeprom_data  000000
__Hfarbss                farbss       000000
__Hfardata               fardata      000000
__Hibigdata              ibigdata     000000
__Hidata                 idata        000000
__Hidloc                 idloc        200008
__Hifardata              ifardata     000000
__Hinit                  init         000004
__Hintcode               intcode      000000
__Hintcode_body          intcode_body 000000
__Hintcodelo             intcodelo    000000
__Hintentry              intentry     000000
__Hintret                intret       000000
__Hintsave_regs          intsave_regs 000000
__Hirdata                irdata       000000
__Hmediumconst           mediumconst  000000
__HnvFARRAM              nvFARRAM     000000
__Hnvbit                 nvbit        000000
__Hnvrram                nvrram       000000
__Hparam                 rparam       000000
__Hpowerup               powerup      000000
__Hram                   ram          000000
__Hramtop                ramtop       000600
__Hrbit                  rbit         000000
__Hrbss                  rbss         000000
__Hrdata                 rdata        000000
__Hreset_vec             reset_vec    000000
__Hrparam                rparam       000000
__Hsfr                   sfr          000000
__Hsmallconst            smallconst   000616
__Hspace_0               (abs)        001FB0
__Hspace_1               (abs)        00005A
__Hspace_2               (abs)        000000
__Hspace_4               (abs)        60000E
__Hstack                 stack        000000
__Hstruct                struct       000000
__Htemp                  temp         000000
__Htext                  text         000000
__Htext0                 text0        000000
__Htext1                 text1        000000
__Htext10                text10       000000
__Htext11                text11       000000
__Htext12                text12       000000
__Htext13                text13       000000
__Htext14                text14       000000
__Htext15                text15       000000
__Htext16                text16       000000
__Htext17                text17       000000
__Htext18                text18       000000
__Htext19                text19       000000
__Htext2                 text2        000000
__Htext20                text20       000000
__Htext21                text21       000000
__Htext22                text22       000000
__Htext23                text23       000000
__Htext24                text24       000000
__Htext25                text25       000000
__Htext26                text26       000000
__Htext27                text27       000000
__Htext28                text28       000000
__Htext3                 text3        000000
__Htext4                 text4        000000
__Htext5                 text5        000000
__Htext6                 text6        000000
__Htext7                 text7        000000
__Htext8                 text8        000000
__Htext9                 text9        000000
__LRAM                   (abs)        000001
__Labs1                  abs1         000000
__Lbank0                 bank0        000000
__Lbank1                 bank1        000000
__Lbank2                 bank2        000000
__Lbank3                 bank3        000000
__Lbank4                 bank4        000000
__Lbank5                 bank5        000000
__Lbigbss                bigbss       000000
__Lbigdata               bigdata      000000
__Lbigram                bigram       000000
__Lbss                   bss          000000
__LbssCOMRAM             bssCOMRAM    000000
__Lcinit                 cinit        000000
__Lclrtext               clrtext      000000
__Lcomram                comram       000000
__Lconfig                config       000000
__Lconst                 const        000000
__LcstackCOMRAM          cstackCOMRAM 000000
__Ldata                  data         000000
__Leeprom_data           eeprom_data  000000
__Lfarbss                farbss       000000
__Lfardata               fardata      000000
__Libigdata              ibigdata     000000
__Lidata                 idata        000000
__Lidloc                 idloc        000000
__Lifardata              ifardata     000000
__Linit                  init         000000
__Lintcode               intcode      000000
__Lintcode_body          intcode_body 000000
__Lintcodelo             intcodelo    000000
__Lintentry              intentry     000000
__Lintret                intret       000000
__Lintsave_regs          intsave_regs 000000
__Lirdata                irdata       000000
__Lmediumconst           mediumconst  000000
__LnvFARRAM              nvFARRAM     000000
__Lnvbit                 nvbit        000000
__Lnvrram                nvrram       000000
__Lparam                 rparam       000000
__Lpowerup               powerup      000000
__Lram                   ram          000000
__Lramtop                ramtop       000600
__Lrbit                  rbit         000000
__Lrbss                  rbss         000000
__Lrdata                 rdata        000000
__Lreset_vec             reset_vec    000000
__Lrparam                rparam       000000
__Lsfr                   sfr          000000
__Lsmallconst            smallconst   000600
__Lspace_0               (abs)        000000
__Lspace_1               (abs)        000000
__Lspace_2               (abs)        000000
__Lspace_4               (abs)        000000
__Lstack                 stack        000000
__Lstruct                struct       000000
__Ltemp                  temp         000000
__Ltext                  text         000000
__Ltext0                 text0        000000
__Ltext1                 text1        000000
__Ltext10                text10       000000
__Ltext11                text11       000000
__Ltext12                text12       000000
__Ltext13                text13       000000
__Ltext14                text14       000000
__Ltext15                text15       000000
__Ltext16                text16       000000
__Ltext17                text17       000000
__Ltext18                text18       000000
__Ltext19                text19       000000
__Ltext2                 text2        000000
__Ltext20                text20       000000
__Ltext21                text21       000000
__Ltext22                text22       000000
__Ltext23                text23       000000
__Ltext24                text24       000000
__Ltext25                text25       000000
__Ltext26                text26       000000
__Ltext27                text27       000000
__Ltext28                text28       000000
__Ltext3                 text3        000000
__Ltext4                 text4        000000
__Ltext5                 text5        000000
__Ltext6                 text6        000000
__Ltext7                 text7        000000
__Ltext8                 text8        000000
__Ltext9                 text9        000000
__S0                     (abs)        001FB0
__S1                     (abs)        00005A
__S2                     (abs)        000000
__S4                     (abs)        000000
__S5                     (abs)        000000
___awdiv                 text28       001924
___awdiv@counter         cstackCOMRAM 000005
___awdiv@dividend        cstackCOMRAM 000001
___awdiv@divisor         cstackCOMRAM 000003
___awdiv@quotient        cstackCOMRAM 000007
___awdiv@sign            cstackCOMRAM 000006
___awmod                 text27       001A9C
___awmod@counter         cstackCOMRAM 00000D
___awmod@dividend        cstackCOMRAM 000009
___awmod@divisor         cstackCOMRAM 00000B
___awmod@sign            cstackCOMRAM 00000E
___fldiv                 text26       000E34
___fldiv@a               cstackCOMRAM 000017
___fldiv@aexp            cstackCOMRAM 00002B
___fldiv@b               cstackCOMRAM 000013
___fldiv@bexp            cstackCOMRAM 00002A
___fldiv@grs             cstackCOMRAM 000026
___fldiv@new_exp         cstackCOMRAM 000024
___fldiv@rem             cstackCOMRAM 00001F
___fldiv@sign            cstackCOMRAM 000023
___flmul                 text25       000616
___flmul@a               cstackCOMRAM 000030
___flmul@aexp            cstackCOMRAM 00003D
___flmul@b               cstackCOMRAM 00002C
___flmul@bexp            cstackCOMRAM 00003E
___flmul@grs             cstackCOMRAM 000039
___flmul@prod            cstackCOMRAM 00003F
___flmul@sign            cstackCOMRAM 000038
___flmul@temp            cstackCOMRAM 000043
___fltol                 text24       00181E
___fltol@exp1            cstackCOMRAM 00004E
___fltol@f1              cstackCOMRAM 000045
___fltol@sign1           cstackCOMRAM 00004D
___inthi_sp              stack        000000
___intlo_sp              stack        000000
___param_bank            (abs)        000000
___rparam_used           (abs)        000001
___sp                    stack        000000
___xxtofl                text23       00166A
___xxtofl@arg            cstackCOMRAM 00000F
___xxtofl@exp            cstackCOMRAM 00000E
___xxtofl@sign           cstackCOMRAM 00000D
___xxtofl@val            cstackCOMRAM 000005
__accesstop              (abs)        000080
__activetblptr           (abs)        000002
__end_of_PulseClockData  text15       001F16
__end_of_PulseEnClock    text14       001EEC
__end_of___awdiv         text28       0019E8
__end_of___awmod         text27       001B4C
__end_of___fldiv         text26       0011CE
__end_of___flmul         text25       000A40
__end_of___fltol         text24       001924
__end_of___xxtofl        text23       00181E
__end_of__initialization cinit        001FA4
__end_of_adcInit         text21       001DD4
__end_of_adcRead         text20       001D3E
__end_of_atraso_ms       text3        001C3E
__end_of_delayMicro      text18       001FB0
__end_of_delayMili       text19       001EC2
__end_of_digitalWrite    text17       00141C
__end_of_lcdChar         text7        001F5A
__end_of_lcdCommand      text11       001F78
__end_of_lcdInit         text8        001A9C
__end_of_lcdString       text6        001CEE
__end_of_main            text0        000E34
__end_of_pinMode         text22       00166A
__end_of_pulseEnablePin  text16       001E16
__end_of_pushByte        text12       001C98
__end_of_pushNibble      text10       001F3C
__end_of_rgbInit         text5        001E54
__end_of_serial_init     text4        001FA2
__end_of_serial_rx       text2        001BDA
__end_of_serial_tx       text1        001F8E
__end_of_soInit          text9        001E92
__end_of_soWrite         text13       001D8C
__initialization         cinit        001FA2
__mediumconst            mediumconst  000000
__pbssCOMRAM             bssCOMRAM    000059
__pcinit                 cinit        001FA2
__pcstackCOMRAM          cstackCOMRAM 000001
__psmallconst            smallconst   000600
__ptext0                 text0        000A40
__ptext1                 text1        001F78
__ptext10                text10       001F16
__ptext11                text11       001F5A
__ptext12                text12       001C3E
__ptext13                text13       001D3E
__ptext14                text14       001EC2
__ptext15                text15       001EEC
__ptext16                text16       001DD4
__ptext17                text17       0011CE
__ptext18                text18       001FAE
__ptext19                text19       001E92
__ptext2                 text2        001B4C
__ptext20                text20       001CEE
__ptext21                text21       001D8C
__ptext22                text22       00141C
__ptext23                text23       00166A
__ptext24                text24       00181E
__ptext25                text25       000616
__ptext26                text26       000E34
__ptext27                text27       001A9C
__ptext28                text28       001924
__ptext3                 text3        001BDA
__ptext4                 text4        001F8E
__ptext5                 text5        001E16
__ptext6                 text6        001C98
__ptext7                 text7        001F3C
__ptext8                 text8        0019E8
__ptext9                 text9        001E54
__ramtop                 ramtop       000600
__size_of_PulseClockData (abs)        000000
__size_of_PulseEnClock   (abs)        000000
__size_of___awdiv        (abs)        000000
__size_of___awmod        (abs)        000000
__size_of___fldiv        (abs)        000000
__size_of___flmul        (abs)        000000
__size_of___fltol        (abs)        000000
__size_of___xxtofl       (abs)        000000
__size_of_adcInit        (abs)        000000
__size_of_adcRead        (abs)        000000
__size_of_atraso_ms      (abs)        000000
__size_of_delayMicro     (abs)        000000
__size_of_delayMili      (abs)        000000
__size_of_digitalWrite   (abs)        000000
__size_of_lcdChar        (abs)        000000
__size_of_lcdCommand     (abs)        000000
__size_of_lcdInit        (abs)        000000
__size_of_lcdString      (abs)        000000
__size_of_main           (abs)        000000
__size_of_pinMode        (abs)        000000
__size_of_pulseEnablePin (abs)        000000
__size_of_pushByte       (abs)        000000
__size_of_pushNibble     (abs)        000000
__size_of_rgbInit        (abs)        000000
__size_of_serial_init    (abs)        000000
__size_of_serial_rx      (abs)        000000
__size_of_serial_tx      (abs)        000000
__size_of_soInit         (abs)        000000
__size_of_soWrite        (abs)        000000
__smallconst             smallconst   000600
_adcInit                 text21       001D8C
_adcRead                 text20       001CEE
_atraso_ms               text3        001BDA
_delayMicro              text18       001FAE
_delayMili               text19       001E92
_digitalWrite            text17       0011CE
_lcdChar                 text7        001F3C
_lcdCommand              text11       001F5A
_lcdInit                 text8        0019E8
_lcdString               text6        001C98
_main                    text0        000A40
_pinMode                 text22       00141C
_pulseEnablePin          text16       001DD4
_pushByte                text12       001C3E
_pushNibble              text10       001F16
_rgbInit                 text5        001E16
_serial_init             text4        001F8E
_serial_rx               text2        001B4C
_serial_tx               text1        001F78
_soInit                  text9        001E54
_soWrite                 text13       001D3E
_started                 bssCOMRAM    000059
adcRead@ADvalor          cstackCOMRAM 000003
adcRead@channel          cstackCOMRAM 000001
atraso_ms@i              cstackCOMRAM 000003
atraso_ms@j              cstackCOMRAM 000005
atraso_ms@k              cstackCOMRAM 000006
atraso_ms@num            cstackCOMRAM 000001
delayMicro@a             cstackCOMRAM 000001
delayMili@a              cstackCOMRAM 000001
delayMili@i              cstackCOMRAM 000004
digitalWrite@pin         cstackCOMRAM 000001
digitalWrite@value       cstackCOMRAM 000003
end_of_initialization    cinit        001FA4
intlevel0                text         000000
intlevel1                text         000000
intlevel2                text         000000
intlevel3                text         000000
isa$std                  (abs)        000001
isa$xinst                (abs)        000000
lcdChar@value            cstackCOMRAM 00000E
lcdCommand@value         cstackCOMRAM 00000E
lcdString@i              cstackCOMRAM 000013
lcdString@msg            cstackCOMRAM 00000F
main@caso                cstackCOMRAM 000056
main@limiar              cstackCOMRAM 000057
main@umidade             cstackCOMRAM 000058
pinMode@pin              cstackCOMRAM 000001
pinMode@type             cstackCOMRAM 000003
pushByte@rs              cstackCOMRAM 00000A
pushByte@value           cstackCOMRAM 00000D
pushNibble@rs            cstackCOMRAM 00000A
pushNibble@value         cstackCOMRAM 00000C
serial_rx@timeout        cstackCOMRAM 000007
serial_rx@to             cstackCOMRAM 000009
serial_tx@val            cstackCOMRAM 000001
soWrite@i                cstackCOMRAM 000009
soWrite@value            cstackCOMRAM 000007
stackhi                  (abs)        0005FF
stacklo                  (abs)        000080
start                    init         000000
start_initialization     cinit        001FA2


MODULE INFORMATION

Module		Function		Class		Link	Load	Size
C:\Program Files\Microchip\xc8\v2.32\pic\sources\c99\common\awdiv.c
		___awdiv       		CODE           	1924	0000	196

C:\Program Files\Microchip\xc8\v2.32\pic\sources\c99\common\awdiv.c estimated size: 196

serial.c
		_serial_rx     		CODE           	1B4C	0000	142
		_serial_tx     		CODE           	1F78	0000	22
		_serial_init   		CODE           	1F8E	0000	20

serial.c estimated size: 184

so.c
		_soInit        		CODE           	1E54	0000	62
		_soWrite       		CODE           	1D3E	0000	78
		_PulseEnClock  		CODE           	1EC2	0000	42
		_PulseClockData		CODE           	1EEC	0000	42

so.c estimated size: 224

io.c
		_digitalWrite  		CODE           	11CE	0000	590
		_pinMode       		CODE           	141C	0000	590

io.c estimated size: 1180

atraso.c
		_atraso_ms     		CODE           	1BDA	0000	100

atraso.c estimated size: 100

adc.c
		_adcRead       		CODE           	1CEE	0000	80
		_adcInit       		CODE           	1D8C	0000	72

adc.c estimated size: 152

rgb.c
		_rgbInit       		CODE           	1E16	0000	62

rgb.c estimated size: 62

shared
		__initialization		CODE           	1FA2	0000	2

shared estimated size: 2

C:\Program Files\Microchip\xc8\v2.32\pic\sources\c99\common\sprcmul.c
		___flmul       		CODE           	0616	0000	1066

C:\Program Files\Microchip\xc8\v2.32\pic\sources\c99\common\sprcmul.c estimated size: 1066

C:\Program Files\Microchip\xc8\v2.32\pic\sources\c99\common\awmod.c
		___awmod       		CODE           	1A9C	0000	176

C:\Program Files\Microchip\xc8\v2.32\pic\sources\c99\common\awmod.c estimated size: 176

C:\Program Files\Microchip\xc8\v2.32\pic\sources\c99\common\sprcdiv.c
		___fldiv       		CODE           	0E34	0000	922

C:\Program Files\Microchip\xc8\v2.32\pic\sources\c99\common\sprcdiv.c estimated size: 922

lcd.c
		_lcdCommand    		CODE           	1F5A	0000	30
		_lcdChar       		CODE           	1F3C	0000	30
		_lcdString     		CODE           	1C98	0000	86
		_pulseEnablePin		CODE           	1DD4	0000	66
		_pushByte      		CODE           	1C3E	0000	90
		_pushNibble    		CODE           	1F16	0000	38
		_lcdInit       		CODE           	19E8	0000	180
		_delayMili     		CODE           	1E92	0000	48
		_delayMicro    		CODE           	1FAE	0000	2

lcd.c estimated size: 570

C:\Program Files\Microchip\xc8\v2.32\pic\sources\c99\common\fltol.c
		___fltol       		CODE           	181E	0000	262

C:\Program Files\Microchip\xc8\v2.32\pic\sources\c99\common\fltol.c estimated size: 262

C:\Program Files\Microchip\xc8\v2.32\pic\sources\c99\common\xxtofl.c
		___xxtofl      		CODE           	166A	0000	436

C:\Program Files\Microchip\xc8\v2.32\pic\sources\c99\common\xxtofl.c estimated size: 436

main.c
		_main          		CODE           	0A40	0000	1012

main.c estimated size: 1012

